---
source: libtlafmt/src/ast_format/node.rs
expression: output
---
----------------------------------- MODULE B -----------------------------------
Inv ==
    /\ TypeOK
    /\ \A i \in Procs:
\*             /\ (pc[i] \in {"ncs", "e1", "e2"}) => (num[i] = 0)
================================================================================
