---
source: libtlafmt/src/ast_format/case.rs
expression: output
---
----------------------------------- MODULE B -----------------------------------
X ==
    CASE self \in RM -> "RS"
        [] self = 0 -> "TS"
        [] self = 10 -> "BTS"
================================================================================
