---
source: libtlafmt/src/ast_format/node.rs
expression: output
---
----------------------------------- MODULE B -----------------------------------
 LEMMA TypeCorrect == Spec => [] TypeInv
THEOREM DeadlockFreedom == Spec => [] Invariant
================================================================================
