---
source: libtlafmt/src/ast_format/comment.rs
expression: output
---
-------------------------------- MODULE Bananas --------------------------------
A ==
    LET B == 42
    IN
        /\ C = D
    
\* Where is this placed?
B == 24
================================================================================
