---
source: libtlafmt/src/ast_format/case.rs
expression: output
---
----------------------------------- MODULE B -----------------------------------
X == CASE
        \/ x = 0 \/ y = 0
        \/ x > N \/ y > N
        \/ ~grid[<< x, y >>] -> 0
    [] OTHER -> 1
================================================================================
