---
source: libtlafmt/src/ast_format/node.rs
expression: output
---
-------------------------------- MODULE Bananas --------------------------------
Init ==
    /\ A = {42}
    /\ B = {}
    /\ C = << 42 >>
    /\ D = <<>>
================================================================================
