---
source: tests/cli.rs
expression: stdout
---
A formatter for TLA+ specs

Usage: tlafmt [OPTIONS] [FILE]

Arguments:
  [FILE]  Path to the TLA+ file to format

Options:
  -c, --check     Check the input file and print a diff of any changes that would be made
  -i, --in-place  Overwrite the source file with the formatted output instead of printing it to stdout
      --stdin     Read the input file from stdin instead of the filesystem
  -h, --help      Print help
  -V, --version   Print version
