---
source: libtlafmt/src/renderer/comment.rs
expression: output
---
-------------------------------- MODULE bananas --------------------------------
TypeOK ==
    \* Bananas
    /\ X = 42
    \* Platanos
    \* Apples
    /\ Y = 24
================================================================================
