---
source: libtlafmt/src/renderer/comment.rs
expression: output
---
-------------------------------- MODULE bananas --------------------------------
TypeOK ==
    /\ X = 42
              \* Platanos
              \* Platanos
    /\ Y = 24
================================================================================
