---
source: libtlafmt/src/renderer/indent.rs
expression: output
---
----------------------------------- MODULE B -----------------------------------
Fairness ==
    \* The TUF repo state shall eventually advance.
    /\ WF_vars(
            \/ Repo_AddTargetFile
            \/ Repo_UpdateSnapshot
            \/ Repo_RotateKey_Add
            \/ Repo_RotateKey_Remove
        )
================================================================================
