---
source: libtlafmt/src/renderer/comment.rs
expression: output
---
-------------------------------- MODULE bananas --------------------------------
Op ==
    /\ bananas = 42         \* This is an important number.
    /\ platanos' = 42       \* Something here.
                            \* Continues here.
    /\ platanos' = 42       \* More here.
================================================================================
